---
source: src/clocking/schema_snapshot.rs
expression: "SuteraStatus::MIN_FRAME_SIZE"
---
1
