---
source: src/clocking/schema_snapshot.rs
expression: "SuteraHeader::MAX_FRAME_SIZE"
---
14
