---
source: src/clocking/schema_snapshot.rs
expression: "SuteraStatus::MAX_FRAME_SIZE"
---
4
